wrapper written C:\PF-QA\g1\w.cmd
{
 "tag": "g1",
 "root": "C:\\PF-QA\\g1",
 "extract_s": 23.7,
 "runas_rc": 0,
 "poll": "READY bridge healthz 200 on 8790 after 11.2s\n",
 "ready": true,
 "daily_backup_state": {},
 "pc_get_raw": "[\n\t{\n\t\t\"name\": \"daily-backup\",\n\t\t\"namespace\": \"default\",\n\t\t\"status\": \"Completed\",\n\t\t\"system_time\": \"25s\",\n\t\t\"age\": 25456714900,\n\t\t\"is_ready\": \"-\",\n\t\t\"has_ready_probe\": false,\n\t\t\"restarts\": 0,\n\t\t\"exit_code\": 0,\n\t\t\"pid\": 8072,\n\t\t\"is_elevated\": false,\n\t\t\"password_provided\": false,\n\t\t\"mem\": 4517888,\n\t\t\"cpu\": 0,\n\t\t\"is_running\": false,\n\t\t\"last_activity_time\": \"2026-09-15T19:44:15.1444311+08:00\",\n\t\t\"process_start_time\": \"2026-09-15T19:43:46.6675938+08:00\",\n\t\t\"process_ready_time\": \"2026-09-15T19:43:46.6675938+08:00\",\n\t\t\"process_end_time\": \"2026-09-15T19:44:15.1530456+08:00\"\n\t}\n]",
 "backups": [
  "forge-backup-2026-09-15T11-44-11.zip:10739"
 ],
 "dumps": [
  "pg-2026-09-15T11-43-46.sql:672"
 ],
 "dumps_zip": true,
 "backup_log": "{\"level\":\"info\",\"process\":\"daily-backup\",\"replica\":0,\"message\":\"pg_dump ok: pg-2026-09-15T11-43-46.sql (1KB) kept=1\"}\n{\"level\":\"info\",\"process\":\"daily-backup\",\"replica\":0,\"message\":\"pg_dump skipped: forge_bridge 未就绪（首启时序，正常），下次备份会带上\"}\n{\"level\":\"info\",\"process\":\"daily-backup\",\"replica\":0,\"message\":\"backup ok: forge-backup-2026-09-15T11-44-11.zip (10KB) kept=1 pruned=0\"}\n",
 "hits": {},
 "pg_log_size": 0,
 "bridge_healthz": "HTTP/1.1 200 OK",
 "ports_open": {
  "pc.port": true,
  "faucet.port": true,
  "pg.port": true
 }
}
