wrapper written C:\PF-QA\g3\w.cmd
{
 "tag": "g3b",
 "root": "C:\\PF-QA\\g3",
 "runas_rc": 0,
 "poll": "READY bridge healthz 200 on 8790 after 8.2s\n",
 "ready": true,
 "daily_backup_state": {},
 "pc_get_raw": "[\n\t{\n\t\t\"name\": \"daily-backup\",\n\t\t\"namespace\": \"default\",\n\t\t\"status\": \"Completed\",\n\t\t\"system_time\": \"3s\",\n\t\t\"age\": 3649423800,\n\t\t\"is_ready\": \"-\",\n\t\t\"has_ready_probe\": false,\n\t\t\"restarts\": 0,\n\t\t\"exit_code\": 0,\n\t\t\"pid\": 11048,\n\t\t\"is_elevated\": false,\n\t\t\"password_provided\": false,\n\t\t\"mem\": 4644864,\n\t\t\"cpu\": 0,\n\t\t\"is_running\": false,\n\t\t\"last_activity_time\": \"2026-09-15T20:03:13.1872018+08:00\",\n\t\t\"process_start_time\": \"2026-09-15T20:03:06.3643717+08:00\",\n\t\t\"process_ready_time\": \"2026-09-15T20:03:06.3643717+08:00\",\n\t\t\"process_end_time\": \"2026-09-15T20:03:13.196197+08:00\"\n\t}\n]",
 "backups": [
  "forge-backup-2026-09-15T12-00-36.zip:10740",
  "forge-backup-2026-09-15T12-03-10.zip:12514"
 ],
 "dumps": [
  "pg-2026-09-15T12-00-10.sql:672",
  "pg-2026-09-15T12-03-06.sql:672",
  "pg-bridge-2026-09-15T12-03-06.sql:4019"
 ],
 "dumps_zip": true,
 "backup_log": "{\"level\":\"info\",\"process\":\"daily-backup\",\"replica\":0,\"message\":\"pg_dump ok: pg-2026-09-15T12-03-06.sql (1KB) kept=2\"}\n{\"level\":\"info\",\"process\":\"daily-backup\",\"replica\":0,\"message\":\"pg_dump ok: pg-bridge-2026-09-15T12-03-06.sql (4KB) kept=1\"}\n{\"level\":\"info\",\"process\":\"daily-backup\",\"replica\":0,\"message\":\"backup ok: forge-backup-2026-09-15T12-03-10.zip (12KB) kept=2 pruned=0\"}\n",
 "hits": {},
 "pg_log_size": 0,
 "bridge_healthz": "HTTP/1.1 200 OK",
 "ports_open": {
  "pc.port": true,
  "faucet.port": true,
  "pg.port": true
 }
}
