{"level":"error","process":"nats","replica":0,"message":"[16140] 2026/09/15 20:44:58.321806 [INF] Starting nats-server"}
{"level":"error","process":"nats","replica":0,"message":"[16140] 2026/09/15 20:44:58.331867 [INF]   Version:  2.14.5"}
{"level":"error","process":"nats","replica":0,"message":"[16140] 2026/09/15 20:44:58.331867 [INF]   Git:      [d3bc045]"}
{"level":"error","process":"nats","replica":0,"message":"[16140] 2026/09/15 20:44:58.331867 [INF]   Name:     NBTB7ZP7YTQHN6BMU2LL7DA67JBFWJ2UNRNLFKRTTB7TUXHVSBF2DI7A"}
{"level":"error","process":"nats","replica":0,"message":"[16140] 2026/09/15 20:44:58.331867 [INF]   Node:     oPItk856"}
{"level":"error","process":"nats","replica":0,"message":"[16140] 2026/09/15 20:44:58.331867 [INF]   ID:       NBTB7ZP7YTQHN6BMU2LL7DA67JBFWJ2UNRNLFKRTTB7TUXHVSBF2DI7A"}
{"level":"info","process":"faucet","replica":0}
{"level":"info","process":"faucet","replica":0,"message":" _____ _   _   _  ___ ___ _____"}
{"level":"info","process":"faucet","replica":0,"message":"|  ___/ \\ | | | |/ __| __|_   _|"}
{"level":"info","process":"faucet","replica":0,"message":"| |_ / _ \\| |_| | (__|  _| | |"}
{"level":"info","process":"faucet","replica":0,"message":"|_| /_/ \\_\\___,_|\\___|___| |_|"}
{"level":"info","process":"faucet","replica":0}
{"level":"error","process":"nats","replica":0,"message":"[16140] 2026/09/15 20:44:58.335163 [INF] Starting http monitor on 127.0.0.1:8222"}
{"level":"error","process":"nats","replica":0,"message":"[16140] 2026/09/15 20:44:58.335163 [INF] Starting JetStream"}
{"level":"error","process":"nats","replica":0,"message":"[16140] 2026/09/15 20:44:58.336622 [INF]     _ ___ _____ ___ _____ ___ ___   _   __  __"}
{"level":"error","process":"nats","replica":0,"message":"[16140] 2026/09/15 20:44:58.336622 [INF]  _ | | __|_   _/ __|_   _| _ \\ __| /_\\ |  \\/  |"}
{"level":"error","process":"nats","replica":0,"message":"[16140] 2026/09/15 20:44:58.336622 [INF] | || | _|  | | \\__ \\ | | |   / _| / _ \\| |\\/| |"}
{"level":"error","process":"nats","replica":0,"message":"[16140] 2026/09/15 20:44:58.336622 [INF]  \\__/|___| |_| |___/ |_| |_|_\\___/_/ \\_\\_|  |_|"}
{"level":"error","process":"nats","replica":0,"message":"[16140] 2026/09/15 20:44:58.336622 [INF] "}
{"level":"error","process":"nats","replica":0,"message":"[16140] 2026/09/15 20:44:58.336622 [INF]          https://docs.nats.io/jetstream"}
{"level":"error","process":"nats","replica":0,"message":"[16140] 2026/09/15 20:44:58.336622 [INF] "}
{"level":"error","process":"nats","replica":0,"message":"[16140] 2026/09/15 20:44:58.336622 [INF] ---------------- JETSTREAM ----------------"}
{"level":"error","process":"nats","replica":0,"message":"[16140] 2026/09/15 20:44:58.336622 [INF]   Strict:          true"}
{"level":"error","process":"nats","replica":0,"message":"[16140] 2026/09/15 20:44:58.336622 [INF]   Max Memory:      12.00 GB"}
{"level":"error","process":"nats","replica":0,"message":"[16140] 2026/09/15 20:44:58.336622 [INF]   Max Storage:     1.00 TB"}
{"level":"error","process":"nats","replica":0,"message":"[16140] 2026/09/15 20:44:58.336622 [INF]   Store Directory: \"C:\\PF-S93C\\b\\data\\js\\jetstream\""}
{"level":"error","process":"nats","replica":0,"message":"[16140] 2026/09/15 20:44:58.336622 [INF]   API Level:       4"}
{"level":"error","process":"nats","replica":0,"message":"[16140] 2026/09/15 20:44:58.336622 [INF] -------------------------------------------"}
{"level":"error","process":"nats","replica":0,"message":"[16140] 2026/09/15 20:44:58.338686 [INF] Took 3.5227ms to start JetStream"}
{"level":"error","process":"nats","replica":0,"message":"[16140] 2026/09/15 20:44:58.338686 [INF] Listening for client connections on 127.0.0.1:4222"}
{"level":"error","process":"nats","replica":0,"message":"[16140] 2026/09/15 20:44:58.338686 [INF] Server is ready"}
{"level":"error","process":"faucet","replica":0,"message":"time=2026-09-15T20:44:58.561+08:00 level=INFO msg=\"config store initialized\" path=C:/PF-S93C/b/data/faucet"}
{"level":"error","process":"faucet","replica":0,"message":"time=2026-09-15T20:44:58.561