{"level":"error","process":"daily-backup","replica":0,"message":"node:fs:1739\r"}
{"level":"error","process":"daily-backup","replica":0,"message":"  const stats = binding.stat(\r"}
{"level":"error","process":"daily-backup","replica":0,"message":"                        ^\r"}
{"level":"error","process":"daily-backup","replica":0,"message":"\r"}
{"level":"error","process":"daily-backup","replica":0,"message":"Error: ENOENT: no such file or directory, stat 'C:\\PF-QA\\up\\data\\pg-dumps\\pg-2026-09-15T10-28-42.sql'\r"}
{"level":"error","process":"daily-backup","replica":0,"message":"    at Object.statSync (node:fs:1739:25)\r"}
{"level":"error","process":"daily-backup","replica":0,"message":"    at Object.<anonymous> (C:\\PF-QA\\up\\bin\\forge-backup.js:65:53)\r"}
{"level":"error","process":"daily-backup","replica":0,"message":"    at Module._compile (node:internal/modules/cjs/loader:1706:14)\r"}
{"level":"error","process":"daily-backup","replica":0,"message":"    at Object..js (node:internal/modules/cjs/loader:1839:10)\r"}
{"level":"error","process":"daily-backup","replica":0,"message":"    at Module.load (node:internal/modules/cjs/loader:1441:32)\r"}
{"level":"error","process":"daily-backup","replica":0,"message":"    at Function._load (node:internal/modules/cjs/loader:1263:12)\r"}
{"level":"error","process":"daily-backup","replica":0,"message":"    at TracingChannel.traceSync (node:diagnostics_channel:328:14)\r"}
{"level":"error","process":"daily-backup","replica":0,"message":"    at wrapModuleLoad (node:internal/modules/cjs/loader:237:24)\r"}
{"level":"error","process":"daily-backup","replica":0,"message":"    at Function.executeUserEntryPoint [as runMain] (node:internal/modules/run_main:171:5)\r"}
{"level":"error","process":"daily-backup","replica":0,"message":"    at node:internal/main/run_main_module:36:49 {\r"}
{"level":"error","process":"daily-backup","replica":0,"message":"  errno: -4058,\r"}
{"level":"error","process":"daily-backup","replica":0,"message":"  code: 'ENOENT',\r"}
{"level":"error","process":"daily-backup","replica":0,"message":"  syscall: 'stat',\r"}
{"level":"error","process":"daily-backup","replica":0,"message":"  path: 'C:\\\\PF-QA\\\\up\\\\data\\\\pg-dumps\\\\pg-2026-09-15T10-28-42.sql'\r"}
{"level":"error","process":"daily-backup","replica":0,"message":"}\r"}
{"level":"error","process":"daily-backup","replica":0,"message":"\r"}
{"level":"error","process":"daily-backup","replica":0,"message":"Node.js v22.21.1\r"}
