{"level":"info","process":"faucet","replica":0}
{"level":"info","process":"faucet","replica":0,"message":" _____ _   _   _  ___ ___ _____"}
{"level":"info","process":"faucet","replica":0,"message":"|  ___/ \\ | | | |/ __| __|_   _|"}
{"level":"info","process":"faucet","replica":0,"message":"| |_ / _ \\| |_| | (__|  _| | |"}
{"level":"info","process":"faucet","replica":0,"message":"|_| /_/ \\_\\___,_|\\___|___| |_|"}
{"level":"info","process":"faucet","replica":0}
{"level":"error","process":"nats","replica":0,"message":"[18884] 2026/09/15 20:52:18.869505 [INF] Starting nats-server"}
{"level":"error","process":"nats","replica":0,"message":"[18884] 2026/09/15 20:52:18.878505 [INF]   Version:  2.14.5"}
{"level":"error","process":"nats","replica":0,"message":"[18884] 2026/09/15 20:52:18.878505 [INF]   Git:      [d3bc045]"}
{"level":"error","process":"nats","replica":0,"message":"[18884] 2026/09/15 20:52:18.878505 [INF]   Name:     NDTU43J3UY6OP2THYT3R6FYVVLZZP7AILQLO3VDME7ORUNTE56A273J5"}
{"level":"error","process":"nats","replica":0,"message":"[18884] 2026/09/15 20:52:18.878505 [INF]   Node:     8SiafDin"}
{"level":"error","process":"nats","replica":0,"message":"[18884] 2026/09/15 20:52:18.878505 [INF]   ID:       NDTU43J3UY6OP2THYT3R6FYVVLZZP7AILQLO3VDME7ORUNTE56A273J5"}
{"level":"error","process":"nats","replica":0,"message":"[18884] 2026/09/15 20:52:18.879504 [INF] Starting http monitor on 127.0.0.1:8222"}
{"level":"error","process":"nats","replica":0,"message":"[18884] 2026/09/15 20:52:18.879504 [INF] Starting JetStream"}
{"level":"error","process":"nats","replica":0,"message":"[18884] 2026/09/15 20:52:18.964677 [INF]     _ ___ _____ ___ _____ ___ ___   _   __  __"}
{"level":"error","process":"nats","replica":0,"message":"[18884] 2026/09/15 20:52:18.964677 [INF]  _ | | __|_   _/ __|_   _| _ \\ __| /_\\ |  \\/  |"}
{"level":"error","process":"nats","replica":0,"message":"[18884] 2026/09/15 20:52:18.964677 [INF] | || | _|  | | \\__ \\ | | |   / _| / _ \\| |\\/| |"}
{"level":"error","process":"nats","replica":0,"message":"[18884] 2026/09/15 20:52:18.964677 [INF]  \\__/|___| |_| |___/ |_| |_|_\\___/_/ \\_\\_|  |_|"}
{"level":"error","process":"nats","replica":0,"message":"[18884] 2026/09/15 20:52:18.964677 [INF] "}
{"level":"error","process":"nats","replica":0,"message":"[18884] 2026/09/15 20:52:18.964677 [INF]          https://docs.nats.io/jetstream"}
{"level":"error","process":"nats","replica":0,"message":"[18884] 2026/09/15 20:52:18.964677 [INF] "}
{"level":"error","process":"nats","replica":0,"message":"[18884] 2026/09/15 20:52:18.964677 [INF] ---------------- JETSTREAM ----------------"}
{"level":"error","process":"nats","replica":0,"message":"[18884] 2026/09/15 20:52:18.964677 [INF]   Strict:          true"}
{"level":"error","process":"nats","replica":0,"message":"[18884] 2026/09/15 20:52:18.964677 [INF]   Max Memory:      12.00 GB"}
{"level":"error","process":"nats","replica":0,"message":"[18884] 2026/09/15 20:52:18.964677 [INF]   Max Storage:     1.00 TB"}
{"level":"error","process":"nats","replica":0,"message":"[18884] 2026/09/15 20:52:18.964677 [INF]   Store Directory: \"C:\\PF-S93C$t\\data\\js\\jetstream\""}
{"level":"error","process":"nats","replica":0,"message":"[18884] 2026/09/15 20:52:18.964677 [INF]   API Level:       4"}
{"level":"error","process":"nats","replica":0,"message":"[18884] 2026/09/15 20:52:18.964677 [INF] -------------------------------------------"}
{"level":"error","process":"nats","replica":0,"message":"[18884] 2026/09/15 20:52:18.972258 [INF] Took 92.7536ms to start JetStream"}
{"level":"error","process":"nats","replica":0,"message":"[18884] 2026/09/15 20:52:18.972258 [INF] Listening for client connections on 127.0.0.1:4222"}
{"level":"error","process":"nats","replica":0,"message":"[18884] 2026/09/15 20:52:18.972258 [INF] Server is ready"}
{"level":"error","process":"faucet","replica":0,"message":"time=2026-09-15T20:52:19.087+08:00 level=INFO msg=\"config store initialized\" path=C:/PF-S93C$t/data/faucet"}
{"level":"error","process":"faucet","replica":0,"message":"time=2026-09-15T20:52:19.087