{"level":"error","process":"nats","replica":0,"message":"[10596] 2026/09/15 21:01:46.878155 [INF] Starting nats-server"}
{"level":"error","process":"nats","replica":0,"message":"[10596] 2026/09/15 21:01:46.888157 [INF]   Version:  2.14.5"}
{"level":"error","process":"nats","replica":0,"message":"[10596] 2026/09/15 21:01:46.888157 [INF]   Git:      [d3bc045]"}
{"level":"error","process":"nats","replica":0,"message":"[10596] 2026/09/15 21:01:46.888157 [INF]   Name:     ND7JJFNGALYKMIO7OXUDA7ETBD3CHV5WBCPIQGEPQEVGB3DQJTS6O3YS"}
{"level":"error","process":"nats","replica":0,"message":"[10596] 2026/09/15 21:01:46.888157 [INF]   Node:     WLEbWrNb"}
{"level":"error","process":"nats","replica":0,"message":"[10596] 2026/09/15 21:01:46.888157 [INF]   ID:       ND7JJFNGALYKMIO7OXUDA7ETBD3CHV5WBCPIQGEPQEVGB3DQJTS6O3YS"}
{"level":"error","process":"nats","replica":0,"message":"[10596] 2026/09/15 21:01:46.894319 [INF] Starting http monitor on 127.0.0.1:8222"}
{"level":"error","process":"nats","replica":0,"message":"[10596] 2026/09/15 21:01:46.894319 [INF] Starting JetStream"}
{"level":"error","process":"nats","replica":0,"message":"[10596] 2026/09/15 21:01:46.895888 [INF]     _ ___ _____ ___ _____ ___ ___   _   __  __"}
{"level":"error","process":"nats","replica":0,"message":"[10596] 2026/09/15 21:01:46.895888 [INF]  _ | | __|_   _/ __|_   _| _ \\ __| /_\\ |  \\/  |"}
{"level":"error","process":"nats","replica":0,"message":"[10596] 2026/09/15 21:01:46.895888 [INF] | || | _|  | | \\__ \\ | | |   / _| / _ \\| |\\/| |"}
{"level":"error","process":"nats","replica":0,"message":"[10596] 2026/09/15 21:01:46.895888 [INF]  \\__/|___| |_| |___/ |_| |_|_\\___/_/ \\_\\_|  |_|"}
{"level":"error","process":"nats","replica":0,"message":"[10596] 2026/09/15 21:01:46.895888 [INF] "}
{"level":"error","process":"nats","replica":0,"message":"[10596] 2026/09/15 21:01:46.895888 [INF]          https://docs.nats.io/jetstream"}
{"level":"error","process":"nats","replica":0,"message":"[10596] 2026/09/15 21:01:46.895888 [INF] "}
{"level":"error","process":"nats","replica":0,"message":"[10596] 2026/09/15 21:01:46.895888 [INF] ---------------- JETSTREAM ----------------"}
{"level":"error","process":"nats","replica":0,"message":"[10596] 2026/09/15 21:01:46.895888 [INF]   Strict:          true"}
{"level":"error","process":"nats","replica":0,"message":"[10596] 2026/09/15 21:01:46.895888 [INF]   Max Memory:      12.00 GB"}
{"level":"error","process":"nats","replica":0,"message":"[10596] 2026/09/15 21:01:46.895888 [INF]   Max Storage:     1.00 TB"}
{"level":"error","process":"nats","replica":0,"message":"[10596] 2026/09/15 21:01:46.895888 [INF]   Store Directory: \"C:\\PF-S93C\\c2\\data\\js\\jetstream\""}
{"level":"error","process":"nats","replica":0,"message":"[10596] 2026/09/15 21:01:46.895888 [INF]   API Level:       4"}
{"level":"error","process":"nats","replica":0,"message":"[10596] 2026/09/15 21:01:46.895888 [INF] -------------------------------------------"}
{"level":"error","process":"nats","replica":0,"message":"[10596] 2026/09/15 21:01:46.896900 [INF] Took 2.5816ms to start JetStream"}
{"level":"error","process":"nats","replica":0,"message":"[10596] 2026/09/15 21:01:46.896900 [INF] Listening for client connections on 127.0.0.1:4222"}
{"level":"error","process":"nats","replica":0,"message":"[10596] 2026/09/15 21:01:46.896900 [INF] Server is ready"}
{"level":"info","process":"faucet","replica":0}
{"level":"info","process":"faucet","replica":0,"message":" _____ _   _   _  ___ ___ _____"}
{"level":"info","process":"faucet","replica":0,"message":"|  ___/ \\ | | | |/ __| __|_   _|"}
{"level":"info","process":"faucet","replica":0,"message":"| |_ / _ \\| |_| | (__|  _| | |"}
{"level":"info","process":"faucet","replica":0,"message":"|_| /_/ \\_\\___,_|\\___|___| |_|"}
{"level":"info","process":"faucet","replica":0}
{"level":"error","process":"faucet","replica":0,"message":"time=2026-09-15T21:01:47.699+08:00 level=INFO msg=\"config store initialized\" path=C:/PF-S93C/c2/data/faucet"}
{"level":"error","process":"faucet","replica":0,"message":"time=2026-09-15T21:01:47.6