{"level":"error","process":"nats","replica":0,"message":"[14796] 2026/09/15 20:55:49.014001 [INF] Starting nats-server"}
{"level":"error","process":"nats","replica":0,"message":"[14796] 2026/09/15 20:55:49.037218 [INF]   Version:  2.14.5"}
{"level":"error","process":"nats","replica":0,"message":"[14796] 2026/09/15 20:55:49.037218 [INF]   Git:      [d3bc045]"}
{"level":"error","process":"nats","replica":0,"message":"[14796] 2026/09/15 20:55:49.037218 [INF]   Name:     NAVCPALT5MQV6UFM3AATLKOAC55XGAQ7OW53AKYLS5SUQKDYO3ZYN76Z"}
{"level":"error","process":"nats","replica":0,"message":"[14796] 2026/09/15 20:55:49.037218 [INF]   Node:     vWlb669o"}
{"level":"error","process":"nats","replica":0,"message":"[14796] 2026/09/15 20:55:49.037218 [INF]   ID:       NAVCPALT5MQV6UFM3AATLKOAC55XGAQ7OW53AKYLS5SUQKDYO3ZYN76Z"}
{"level":"error","process":"nats","replica":0,"message":"[14796] 2026/09/15 20:55:49.040967 [INF] Starting http monitor on 127.0.0.1:8222"}
{"level":"error","process":"nats","replica":0,"message":"[14796] 2026/09/15 20:55:49.040967 [INF] Starting JetStream"}
{"level":"error","process":"nats","replica":0,"message":"[14796] 2026/09/15 20:55:49.041476 [INF]     _ ___ _____ ___ _____ ___ ___   _   __  __"}
{"level":"error","process":"nats","replica":0,"message":"[14796] 2026/09/15 20:55:49.041476 [INF]  _ | | __|_   _/ __|_   _| _ \\ __| /_\\ |  \\/  |"}
{"level":"error","process":"nats","replica":0,"message":"[14796] 2026/09/15 20:55:49.041476 [INF] | || | _|  | | \\__ \\ | | |   / _| / _ \\| |\\/| |"}
{"level":"error","process":"nats","replica":0,"message":"[14796] 2026/09/15 20:55:49.041476 [INF]  \\__/|___| |_| |___/ |_| |_|_\\___/_/ \\_\\_|  |_|"}
{"level":"error","process":"nats","replica":0,"message":"[14796] 2026/09/15 20:55:49.041476 [INF] "}
{"level":"error","process":"nats","replica":0,"message":"[14796] 2026/09/15 20:55:49.041476 [INF]          https://docs.nats.io/jetstream"}
{"level":"error","process":"nats","replica":0,"message":"[14796] 2026/09/15 20:55:49.041476 [INF] "}
{"level":"error","process":"nats","replica":0,"message":"[14796] 2026/09/15 20:55:49.041476 [INF] ---------------- JETSTREAM ----------------"}
{"level":"error","process":"nats","replica":0,"message":"[14796] 2026/09/15 20:55:49.041476 [INF]   Strict:          true"}
{"level":"error","process":"nats","replica":0,"message":"[14796] 2026/09/15 20:55:49.041476 [INF]   Max Memory:      12.00 GB"}
{"level":"error","process":"nats","replica":0,"message":"[14796] 2026/09/15 20:55:49.041476 [INF]   Max Storage:     1.00 TB"}
{"level":"error","process":"nats","replica":0,"message":"[14796] 2026/09/15 20:55:49.041476 [INF]   Store Directory: \"C:\\PF-S93C$t\\data\\js\\jetstream\""}
{"level":"error","process":"nats","replica":0,"message":"[14796] 2026/09/15 20:55:49.041476 [INF]   API Level:       4"}
{"level":"error","process":"nats","replica":0,"message":"[14796] 2026/09/15 20:55:49.041476 [INF] -------------------------------------------"}
{"level":"error","process":"nats","replica":0,"message":"[14796] 2026/09/15 20:55:49.043484 [INF] Took 2.5167ms to start JetStream"}
{"level":"error","process":"nats","replica":0,"message":"[14796] 2026/09/15 20:55:49.043484 [INF] Listening for client connections on 127.0.0.1:4222"}
{"level":"error","process":"nats","replica":0,"message":"[14796] 2026/09/15 20:55:49.043484 [INF] Server is ready"}
{"level":"info","process":"faucet","replica":0}
{"level":"info","process":"faucet","replica":0,"message":" _____ _   _   _  ___ ___ _____"}
{"level":"info","process":"faucet","replica":0,"message":"|  ___/ \\ | | | |/ __| __|_   _|"}
{"level":"info","process":"faucet","replica":0,"message":"| |_ / _ \\| |_| | (__|  _| | |"}
{"level":"info","process":"faucet","replica":0,"message":"|_| /_/ \\_\\___,_|\\___|___| |_|"}
{"level":"info","process":"faucet","replica":0}
{"level":"error","process":"faucet","replica":0,"message":"time=2026-09-15T20:55:49.164+08:00 level=INFO msg=\"config store initialized\" path=C:/PF-S93C$t/data/faucet"}
{"level":"error","process":"faucet","replica":0,"message":"time=2026-09-15T20:55:49.164+