{"level":"info","process":"faucet","replica":0}
{"level":"info","process":"faucet","replica":0,"message":" _____ _   _   _  ___ ___ _____"}
{"level":"info","process":"faucet","replica":0,"message":"|  ___/ \\ | | | |/ __| __|_   _|"}
{"level":"info","process":"faucet","replica":0,"message":"| |_ / _ \\| |_| | (__|  _| | |"}
{"level":"info","process":"faucet","replica":0,"message":"|_| /_/ \\_\\___,_|\\___|___| |_|"}
{"level":"info","process":"faucet","replica":0}
{"level":"error","process":"nats","replica":0,"message":"[22344] 2026/09/15 20:11:21.641250 [INF] Starting nats-server"}
{"level":"error","process":"nats","replica":0,"message":"[22344] 2026/09/15 20:11:21.650249 [INF]   Version:  2.14.5"}
{"level":"error","process":"nats","replica":0,"message":"[22344] 2026/09/15 20:11:21.650249 [INF]   Git:      [d3bc045]"}
{"level":"error","process":"nats","replica":0,"message":"[22344] 2026/09/15 20:11:21.650249 [INF]   Name:     NCNGGY6GTN5ZNVSMG24XAEPLFNYKFCOTNZPGEXVKQTGRCUCOS55LMZFE"}
{"level":"error","process":"nats","replica":0,"message":"[22344] 2026/09/15 20:11:21.650249 [INF]   Node:     Jb2r9Plq"}
{"level":"error","process":"nats","replica":0,"message":"[22344] 2026/09/15 20:11:21.650249 [INF]   ID:       NCNGGY6GTN5ZNVSMG24XAEPLFNYKFCOTNZPGEXVKQTGRCUCOS55LMZFE"}
{"level":"error","process":"nats","replica":0,"message":"[22344] 2026/09/15 20:11:21.652249 [INF] Starting http monitor on 127.0.0.1:8222"}
{"level":"error","process":"nats","replica":0,"message":"[22344] 2026/09/15 20:11:21.652249 [INF] Starting JetStream"}
{"level":"error","process":"nats","replica":0,"message":"[22344] 2026/09/15 20:11:21.692325 [INF]     _ ___ _____ ___ _____ ___ ___   _   __  __"}
{"level":"error","process":"nats","replica":0,"message":"[22344] 2026/09/15 20:11:21.692325 [INF]  _ | | __|_   _/ __|_   _| _ \\ __| /_\\ |  \\/  |"}
{"level":"error","process":"nats","replica":0,"message":"[22344] 2026/09/15 20:11:21.692325 [INF] | || | _|  | | \\__ \\ | | |   / _| / _ \\| |\\/| |"}
{"level":"error","process":"nats","replica":0,"message":"[22344] 2026/09/15 20:11:21.692325 [INF]  \\__/|___| |_| |___/ |_| |_|_\\___/_/ \\_\\_|  |_|"}
{"level":"error","process":"nats","replica":0,"message":"[22344] 2026/09/15 20:11:21.692325 [INF] "}
{"level":"error","process":"nats","replica":0,"message":"[22344] 2026/09/15 20:11:21.692325 [INF]          https://docs.nats.io/jetstream"}
{"level":"error","process":"nats","replica":0,"message":"[22344] 2026/09/15 20:11:21.692325 [INF] "}
{"level":"error","process":"nats","replica":0,"message":"[22344] 2026/09/15 20:11:21.692325 [INF] ---------------- JETSTREAM ----------------"}
{"level":"error","process":"nats","replica":0,"message":"[22344] 2026/09/15 20:11:21.692325 [INF]   Strict:          true"}
{"level":"error","process":"nats","replica":0,"message":"[22344] 2026/09/15 20:11:21.692325 [INF]   Max Memory:      12.00 GB"}
{"level":"error","process":"nats","replica":0,"message":"[22344] 2026/09/15 20:11:21.692325 [INF]   Max Storage:     1.00 TB"}
{"level":"error","process":"nats","replica":0,"message":"[22344] 2026/09/15 20:11:21.692325 [INF]   Store Directory: \"C:\\PF-QA\\g4\\data\\js\\jetstream\""}
{"level":"error","process":"nats","replica":0,"message":"[22344] 2026/09/15 20:11:21.692325 [INF]   API Level:       4"}
{"level":"error","process":"nats","replica":0,"message":"[22344] 2026/09/15 20:11:21.692325 [INF] -------------------------------------------"}
{"level":"error","process":"nats","replica":0,"message":"[22344] 2026/09/15 20:11:21.693334 [INF] Took 41.0855ms to start JetStream"}
{"level":"error","process":"nats","replica":0,"message":"[22344] 2026/09/15 20:11:21.693334 [INF] Listening for client connections on 127.0.0.1:4222"}
{"level":"error","process":"nats","replica":0,"message":"[22344] 2026/09/15 20:11:21.693334 [INF] Server is ready"}
{"level":"error","process":"faucet","replica":0,"message":"time=2026-09-15T20:11:21.896+08:00 level=INFO msg=\"config store initialized\" path=C:/PF-QA/g4/data/faucet"}
{"level":"error","process":"faucet","replica":0,"message":"time=2026-09-15T20:11:21.896+