{"level":"error","process":"nats","replica":0,"message":"[18924] 2026/09/15 20:40:15.026784 [INF] Starting nats-server"}
{"level":"error","process":"nats","replica":0,"message":"[18924] 2026/09/15 20:40:15.038183 [INF]   Version:  2.14.5"}
{"level":"error","process":"nats","replica":0,"message":"[18924] 2026/09/15 20:40:15.038183 [INF]   Git:      [d3bc045]"}
{"level":"error","process":"nats","replica":0,"message":"[18924] 2026/09/15 20:40:15.038183 [INF]   Name:     NA7THZ5S3KC5PXBIRH76LTL2IUKZLJWVMM56UH46MVQ4QZHRG63HOJFE"}
{"level":"error","process":"nats","replica":0,"message":"[18924] 2026/09/15 20:40:15.038183 [INF]   Node:     yOl6FsKf"}
{"level":"error","process":"nats","replica":0,"message":"[18924] 2026/09/15 20:40:15.038183 [INF]   ID:       NA7THZ5S3KC5PXBIRH76LTL2IUKZLJWVMM56UH46MVQ4QZHRG63HOJFE"}
{"level":"error","process":"nats","replica":0,"message":"[18924] 2026/09/15 20:40:15.047576 [INF] Starting http monitor on 127.0.0.1:8222"}
{"level":"error","process":"nats","replica":0,"message":"[18924] 2026/09/15 20:40:15.048575 [INF] Starting JetStream"}
{"level":"error","process":"nats","replica":0,"message":"[18924] 2026/09/15 20:40:15.048575 [INF]     _ ___ _____ ___ _____ ___ ___   _   __  __"}
{"level":"error","process":"nats","replica":0,"message":"[18924] 2026/09/15 20:40:15.048575 [INF]  _ | | __|_   _/ __|_   _| _ \\ __| /_\\ |  \\/  |"}
{"level":"error","process":"nats","replica":0,"message":"[18924] 2026/09/15 20:40:15.048575 [INF] | || | _|  | | \\__ \\ | | |   / _| / _ \\| |\\/| |"}
{"level":"error","process":"nats","replica":0,"message":"[18924] 2026/09/15 20:40:15.048575 [INF]  \\__/|___| |_| |___/ |_| |_|_\\___/_/ \\_\\_|  |_|"}
{"level":"error","process":"nats","replica":0,"message":"[18924] 2026/09/15 20:40:15.048575 [INF] "}
{"level":"error","process":"nats","replica":0,"message":"[18924] 2026/09/15 20:40:15.048575 [INF]          https://docs.nats.io/jetstream"}
{"level":"error","process":"nats","replica":0,"message":"[18924] 2026/09/15 20:40:15.048575 [INF] "}
{"level":"error","process":"nats","replica":0,"message":"[18924] 2026/09/15 20:40:15.048575 [INF] ---------------- JETSTREAM ----------------"}
{"level":"error","process":"nats","replica":0,"message":"[18924] 2026/09/15 20:40:15.048575 [INF]   Strict:          true"}
{"level":"error","process":"nats","replica":0,"message":"[18924] 2026/09/15 20:40:15.048575 [INF]   Max Memory:      12.00 GB"}
{"level":"error","process":"nats","replica":0,"message":"[18924] 2026/09/15 20:40:15.048575 [INF]   Max Storage:     1.00 TB"}
{"level":"error","process":"nats","replica":0,"message":"[18924] 2026/09/15 20:40:15.048575 [INF]   Store Directory: \"C:\\PF-S93C\\a\\data\\js\\jetstream\""}
{"level":"error","process":"nats","replica":0,"message":"[18924] 2026/09/15 20:40:15.048575 [INF]   API Level:       4"}
{"level":"error","process":"nats","replica":0,"message":"[18924] 2026/09/15 20:40:15.048575 [INF] -------------------------------------------"}
{"level":"error","process":"nats","replica":0,"message":"[18924] 2026/09/15 20:40:15.050576 [INF] Took 2.0012ms to start JetStream"}
{"level":"error","process":"nats","replica":0,"message":"[18924] 2026/09/15 20:40:15.050576 [INF] Listening for client connections on 127.0.0.1:4222"}
{"level":"error","process":"nats","replica":0,"message":"[18924] 2026/09/15 20:40:15.050576 [INF] Server is ready"}
{"level":"info","process":"faucet","replica":0}
{"level":"info","process":"faucet","replica":0,"message":" _____ _   _   _  ___ ___ _____"}
{"level":"info","process":"faucet","replica":0,"message":"|  ___/ \\ | | | |/ __| __|_   _|"}
{"level":"info","process":"faucet","replica":0,"message":"| |_ / _ \\| |_| | (__|  _| | |"}
{"level":"info","process":"faucet","replica":0,"message":"|_| /_/ \\_\\___,_|\\___|___| |_|"}
{"level":"info","process":"faucet","replica":0}
{"level":"error","process":"faucet","replica":0,"message":"time=2026-09-15T20:40:15.173+08:00 level=INFO msg=\"config store initialized\" path=C:/PF-S93C/a/data/faucet"}
{"level":"error","process":"faucet","replica":0,"message":"time=2026-09-15T20:40:15.173